                                                                                
 Usage: python -m histo_omics_lite [OPTIONS] COMMAND [ARGS]...                  
                                                                                
 CLI for histo-omics-lite pipelines                                             
                                                                                
╭─ Options ────────────────────────────────────────────────────────────────────╮
│ --install-completion          Install completion for the current shell.      │
│ --show-completion             Show completion for the current shell, to copy │
│                               it or customize the installation.              │
│ --help                        Show this message and exit.                    │
╰──────────────────────────────────────────────────────────────────────────────╯
╭─ Commands ───────────────────────────────────────────────────────────────────╮
│ data    Data utilities                                                       │
│ train   Training routines                                                    │
│ eval    Evaluation routines                                                  │
│ infer   Inference utilities                                                  │
╰──────────────────────────────────────────────────────────────────────────────╯

